
Running 300 tests using 1 worker

[1/300] [desktop-chromium] › tests/e2e/analytics-invariants.spec.ts:166:3 › analytics invariants › empty input analytics return finite bounded values
[2/300] [desktop-chromium] › tests/e2e/analytics-invariants.spec.ts:206:3 › analytics invariants › zero and missing boundary values do not produce NaN or Infinity
[3/300] [desktop-chromium] › tests/e2e/analytics-invariants.spec.ts:249:3 › analytics invariants › malformed negative and oversized signals remain finite and score-bounded
[4/300] [desktop-chromium] › tests/e2e/analytics-invariants.spec.ts:276:3 › analytics invariants › date order, sparse weeks, same-day data, and duplicate dates stay stable
[5/300] [desktop-chromium] › tests/e2e/analytics-invariants.spec.ts:313:3 › analytics invariants › representative derived summaries are coherent and non-mutating
[6/300] [desktop-chromium] › tests/e2e/analytics-workout-volume.spec.ts:13:3 › workoutVolume analytics utility › calculates volume for completed sets with weight and reps
[7/300] [desktop-chromium] › tests/e2e/analytics-workout-volume.spec.ts:32:3 › workoutVolume analytics utility › ignores incomplete sets
[8/300] [desktop-chromium] › tests/e2e/analytics-workout-volume.spec.ts:51:3 › workoutVolume analytics utility › handles missing or zero weight and reps
[9/300] [desktop-chromium] › tests/e2e/analytics-workout-volume.spec.ts:73:3 › workoutVolume analytics utility › sums correctly across multiple exercises and sets
[10/300] [desktop-chromium] › tests/e2e/analytics-workout-volume.spec.ts:102:3 › workoutVolume analytics utility › returns 0 for empty exercise list
[11/300] [desktop-chromium] › tests/e2e/app-pr-gate-smoke.spec.ts:5:3 › App PR Gate Smoke › broad app load, navigation, and quick actions
[12/300] [desktop-chromium] › tests/e2e/bodyweight-weigh-in-validation-smoke.spec.ts:77:3 › Bodyweight weigh-in validation smoke › Scenario A: Valid weigh-in saves safely
[13/300] [desktop-chromium] › tests/e2e/bodyweight-weigh-in-validation-smoke.spec.ts:111:3 › Bodyweight weigh-in validation smoke › Scenario B: Cancel does not save
[14/300] [desktop-chromium] › tests/e2e/bodyweight-weigh-in-validation-smoke.spec.ts:131:3 › Bodyweight weigh-in validation smoke › Scenario C: Empty input does not crash or create broken data
[15/300] [desktop-chromium] › tests/e2e/bodyweight-weigh-in-validation-smoke.spec.ts:163:3 › Bodyweight weigh-in validation smoke › Scenario D: Invalid numeric input does not create broken data
[16/300] [desktop-chromium] › tests/e2e/bodyweight-weigh-in-validation-smoke.spec.ts:200:3 › Bodyweight weigh-in validation smoke › Scenario E: Progress/Stats remains safe after valid weigh-in
[17/300] [desktop-chromium] › tests/e2e/chart-empty-data-smoke.spec.ts:53:3 › Progress Chart Empty Data Smoke › Scenario A - Progress renders safely with completely empty logged data arrays
[18/300] [desktop-chromium] › tests/e2e/chart-empty-data-smoke.spec.ts:67:3 › Progress Chart Empty Data Smoke › Scenario B - Progress renders safely with only bodyweight data
[19/300] [desktop-chromium] › tests/e2e/chart-empty-data-smoke.spec.ts:89:3 › Progress Chart Empty Data Smoke › Scenario C - Progress renders safely with only workout data
[20/300] [desktop-chromium] › tests/e2e/chart-empty-data-smoke.spec.ts:114:3 › Progress Chart Empty Data Smoke › Scenario D - Reload stability on Progress page
[21/300] [desktop-chromium] › tests/e2e/core-logging-persistence-smoke.spec.ts:66:3 › Core logging persistence smoke › persists a meal logged from the Home quick action
[22/300] [desktop-chromium] › tests/e2e/core-logging-persistence-smoke.spec.ts:85:3 › Core logging persistence smoke › persists a weigh-in logged from the Home quick action
[23/300] [desktop-chromium] › tests/e2e/core-logging-persistence-smoke.spec.ts:100:3 › Core logging persistence smoke › persists a check-in logged from the Home quick action
[24/300] [desktop-chromium] › tests/e2e/daily-decision.spec.ts:8:3 › FitCore daily decision engine › normal and good-recovery days support controlled progression
[25/300] [desktop-chromium] › tests/e2e/daily-decision.spec.ts:80:3 › FitCore daily decision engine › high soreness and pain reduce intensity and identify the affected area
[26/300] [desktop-chromium] › tests/e2e/daily-decision.spec.ts:146:3 › FitCore daily decision engine › under-eating softens hard training and produces one specific nutrition action
[27/300] [desktop-chromium] › tests/e2e/daily-decision.spec.ts:211:3 › FitCore daily decision engine › unconfirmed AI nutrition is excluded while corrected AI nutrition is usable
[28/300] [desktop-chromium] › tests/e2e/daily-decision.spec.ts:266:3 › FitCore daily decision engine › missing data asks for the highest-value log and missed workouts get a realistic restart
[29/300] [desktop-chromium] › tests/e2e/daily-decision.spec.ts:288:3 › FitCore daily decision engine › bodyweight mismatch is cautious and never makes an extreme calorie adjustment
[30/300] [desktop-chromium] › tests/e2e/daily-decision.spec.ts:337:3 › FitCore daily decision engine › active workouts are respected and Jarvis returns the structured decision contract
[31/300] [desktop-chromium] › tests/e2e/dashboard-smoke.spec.ts:10:3 › Dashboard Smoke Test › loads dashboard with seeded onboarded state
[32/300] [desktop-chromium] › tests/e2e/dashboard-smoke.spec.ts:18:3 › Dashboard Smoke Test › loads dashboard on mobile viewport with seeded onboarded state
[33/300] [desktop-chromium] › tests/e2e/data-contract-invariants.spec.ts:332:3 › FitCore data contract invariants › representative logged entities keep required ids, numeric fields, and timestamps
[34/300] [desktop-chromium] › tests/e2e/data-contract-invariants.spec.ts:369:3 › FitCore data contract invariants › optional fields can be omitted while contract helpers remain safe and pure
[35/300] [desktop-chromium] › tests/e2e/data-contract-invariants.spec.ts:399:3 › FitCore data contract invariants › empty AppState-like collections remain arrays and pass pure contract checks
[36/300] [desktop-chromium] › tests/e2e/data-contract-invariants.spec.ts:421:3 › FitCore data contract invariants › representative cross-entity state detects invalid ids without mutating data
[37/300] [desktop-chromium] › tests/e2e/data-integrity.spec.ts:9:3 › FitCore data integrity › hydrates partial older state without losing data or looping versions
[38/300] [desktop-chromium] › tests/e2e/data-integrity.spec.ts:66:3 › FitCore data integrity › rejects broken imports and safely repairs incomplete saved collections
[39/300] [desktop-chromium] › tests/e2e/data-integrity.spec.ts:108:3 › FitCore data integrity › manual workout, meal, check-in, and weigh-in survive a full reload
  1) [desktop-chromium] › tests/e2e/data-integrity.spec.ts:108:3 › FitCore data integrity › manual workout, meal, check-in, and weigh-in survive a full reload

    Test timeout of 30000ms exceeded.

    Error: locator.click: Test timeout of 30000ms exceeded.
    Call log:
      - waiting for getByRole('button', { name: 'Fuel' })


      117 |     await page.getByRole("button", { name: /Confirm & save/i }).click();
      118 |
    > 119 |     await page.getByRole("button", { name: "Fuel" }).click();
          |                                                      ^
      120 |     await page.getByRole("button", { name: /Log meal/i }).first().click();
      121 |     await page.getByRole("button", { name: "Custom Entry" }).click();
      122 |     await page.getByPlaceholder("e.g. Post-workout protein bowl").fill("Integrity meal");
        at /app/tests/e2e/data-integrity.spec.ts:119:54

    attachment #1: screenshot (image/png) ──────────────────────────────────────────────────────────
    test-results/data-integrity-FitCore-dat-217d4-gh-in-survive-a-full-reload-desktop-chromium/test-failed-1.png
    ────────────────────────────────────────────────────────────────────────────────────────────────

    attachment #2: video (video/webm) ──────────────────────────────────────────────────────────────
    test-results/data-integrity-FitCore-dat-217d4-gh-in-survive-a-full-reload-desktop-chromium/video.webm
    ────────────────────────────────────────────────────────────────────────────────────────────────

    Error Context: test-results/data-integrity-FitCore-dat-217d4-gh-in-survive-a-full-reload-desktop-chromium/error-context.md


[40/300] [desktop-chromium] › tests/e2e/data-integrity.spec.ts:167:3 › FitCore data integrity › Jarvis logs share projections, require confidence review, dedupe retries, and undo precisely
  2) [desktop-chromium] › tests/e2e/data-integrity.spec.ts:167:3 › FitCore data integrity › Jarvis logs share projections, require confidence review, dedupe retries, and undo precisely

    Error: page.goto: net::ERR_CONNECTION_REFUSED at http://localhost:8080/
    Call log:
      - navigating to "http://localhost:8080/", waiting until "load"


      3 | test.describe("FitCore data integrity", () => {
      4 |   test.beforeEach(async ({ page }) => {
    > 5 |     await page.goto("/");
        |                ^
      6 |     await page.evaluate(() => localStorage.clear());
      7 |   });
      8 |
        at /app/tests/e2e/data-integrity.spec.ts:5:16

    attachment #1: screenshot (image/png) ──────────────────────────────────────────────────────────
    test-results/data-integrity-FitCore-dat-f8e91--retries-and-undo-precisely-desktop-chromium/test-failed-1.png
    ────────────────────────────────────────────────────────────────────────────────────────────────

    attachment #2: video (video/webm) ──────────────────────────────────────────────────────────────
    test-results/data-integrity-FitCore-dat-f8e91--retries-and-undo-precisely-desktop-chromium/video.webm
    ────────────────────────────────────────────────────────────────────────────────────────────────

    Error Context: test-results/data-integrity-FitCore-dat-f8e91--retries-and-undo-precisely-desktop-chromium/error-context.md


[41/300] [desktop-chromium] › tests/e2e/data-propagation-smoke.spec.ts:87:3 › Data propagation smoke › meal logged propagates to Nutrition tab and survives reload
  3) [desktop-chromium] › tests/e2e/data-propagation-smoke.spec.ts:87:3 › Data propagation smoke › meal logged propagates to Nutrition tab and survives reload

    Error: page.goto: net::ERR_CONNECTION_REFUSED at http://localhost:8080/
    Call log:
      - navigating to "http://localhost:8080/", waiting until "load"


      25 |
      26 | async function seedReloadableOnboardedState(page: Page) {
    > 27 |   await page.goto("/");
         |              ^
      28 |   await page.evaluate(
      29 |     ({ key, version }) => {
      30 |       localStorage.clear();
        at seedReloadableOnboardedState (/app/tests/e2e/data-propagation-smoke.spec.ts:27:14)
        at /app/tests/e2e/data-propagation-smoke.spec.ts:77:11

    attachment #1: screenshot (image/png) ──────────────────────────────────────────────────────────
    test-results/data-propagation-smoke-Dat-a2203-ion-tab-and-survives-reload-desktop-chromium/test-failed-1.png
    ────────────────────────────────────────────────────────────────────────────────────────────────

    attachment #2: video (video/webm) ──────────────────────────────────────────────────────────────
    test-results/data-propagation-smoke-Dat-a2203-ion-tab-and-survives-reload-desktop-chromium/video.webm
    ────────────────────────────────────────────────────────────────────────────────────────────────

    Error Context: test-results/data-propagation-smoke-Dat-a2203-ion-tab-and-survives-reload-desktop-chromium/error-context.md


[42/300] [desktop-chromium] › tests/e2e/data-propagation-smoke.spec.ts:116:3 › Data propagation smoke › weigh-in logged propagates to Progress tab and survives reload
  4) [desktop-chromium] › tests/e2e/data-propagation-smoke.spec.ts:116:3 › Data propagation smoke › weigh-in logged propagates to Progress tab and survives reload

    Error: page.goto: net::ERR_CONNECTION_REFUSED at http://localhost:8080/
    Call log:
      - navigating to "http://localhost:8080/", waiting until "load"


      25 |
      26 | async function seedReloadableOnboardedState(page: Page) {
    > 27 |   await page.goto("/");
         |              ^
      28 |   await page.evaluate(
      29 |     ({ key, version }) => {
      30 |       localStorage.clear();
        at seedReloadableOnboardedState (/app/tests/e2e/data-propagation-smoke.spec.ts:27:14)
        at /app/tests/e2e/data-propagation-smoke.spec.ts:77:11

    attachment #1: screenshot (image/png) ──────────────────────────────────────────────────────────
    test-results/data-propagation-smoke-Dat-74cd8-ess-tab-and-survives-reload-desktop-chromium/test-failed-1.png
    ────────────────────────────────────────────────────────────────────────────────────────────────

    attachment #2: video (video/webm) ──────────────────────────────────────────────────────────────
    test-results/data-propagation-smoke-Dat-74cd8-ess-tab-and-survives-reload-desktop-chromium/video.webm
    ────────────────────────────────────────────────────────────────────────────────────────────────

    Error Context: test-results/data-propagation-smoke-Dat-74cd8-ess-tab-and-survives-reload-desktop-chromium/error-context.md


[43/300] [desktop-chromium] › tests/e2e/data-propagation-smoke.spec.ts:154:3 › Data propagation smoke › check-in logged propagates to Recovery tab and survives reload
  5) [desktop-chromium] › tests/e2e/data-propagation-smoke.spec.ts:154:3 › Data propagation smoke › check-in logged propagates to Recovery tab and survives reload

    Error: page.goto: net::ERR_CONNECTION_REFUSED at http://localhost:8080/
    Call log:
      - navigating to "http://localhost:8080/", waiting until "load"


      25 |
      26 | async function seedReloadableOnboardedState(page: Page) {
    > 27 |   await page.goto("/");
         |              ^
      28 |   await page.evaluate(
      29 |     ({ key, version }) => {
      30 |       localStorage.clear();
        at seedReloadableOnboardedState (/app/tests/e2e/data-propagation-smoke.spec.ts:27:14)
        at /app/tests/e2e/data-propagation-smoke.spec.ts:77:11

    attachment #1: screenshot (image/png) ──────────────────────────────────────────────────────────
    test-results/data-propagation-smoke-Dat-f372a-ery-tab-and-survives-reload-desktop-chromium/test-failed-1.png
    ────────────────────────────────────────────────────────────────────────────────────────────────

    attachment #2: video (video/webm) ──────────────────────────────────────────────────────────────
    test-results/data-propagation-smoke-Dat-f372a-ery-tab-and-survives-reload-desktop-chromium/video.webm
    ────────────────────────────────────────────────────────────────────────────────────────────────

    Error Context: test-results/data-propagation-smoke-Dat-f372a-ery-tab-and-survives-reload-desktop-chromium/error-context.md


[44/300] [desktop-chromium] › tests/e2e/date-boundary-today-rollup-smoke.spec.ts:113:3 › Date Boundary and Today Rollup Smoke Test › mixed-date persisted state does not crash the app
  6) [desktop-chromium] › tests/e2e/date-boundary-today-rollup-smoke.spec.ts:113:3 › Date Boundary and Today Rollup Smoke Test › mixed-date persisted state does not crash the app

    Error: page.goto: net::ERR_CONNECTION_REFUSED at http://localhost:8080/
    Call log:
      - navigating to "http://localhost:8080/", waiting until "load"


      28 |   const older = todayStart - 2 * 24 * 60 * 60 * 1000;
      29 |
    > 30 |   await page.goto("/");
         |              ^
      31 |   await page.evaluate(
      32 |     ({ key, version, todayStart, justBeforeMidnight, afterMidnight, older }) => {
      33 |       localStorage.clear();
        at seedReloadableOnboardedMixedDateState (/app/tests/e2e/date-boundary-today-rollup-smoke.spec.ts:30:14)
        at /app/tests/e2e/date-boundary-today-rollup-smoke.spec.ts:114:11

    attachment #1: screenshot (image/png) ──────────────────────────────────────────────────────────
    test-results/date-boundary-today-rollup-cbc89-tate-does-not-crash-the-app-desktop-chromium/test-failed-1.png
    ────────────────────────────────────────────────────────────────────────────────────────────────

    attachment #2: video (video/webm) ──────────────────────────────────────────────────────────────
    test-results/date-boundary-today-rollup-cbc89-tate-does-not-crash-the-app-desktop-chromium/video.webm
    ────────────────────────────────────────────────────────────────────────────────────────────────

    Error Context: test-results/date-boundary-today-rollup-cbc89-tate-does-not-crash-the-app-desktop-chromium/error-context.md


[45/300] [desktop-chromium] › tests/e2e/empty-state-crash-smoke.spec.ts:63:3 › Empty State Crash Smoke Test › A. Minimal empty state: Home renders without fatal error
  7) [desktop-chromium] › tests/e2e/empty-state-crash-smoke.spec.ts:63:3 › Empty State Crash Smoke Test › A. Minimal empty state: Home renders without fatal error

    Error: page.goto: net::ERR_CONNECTION_REFUSED at http://localhost:8080/
    Call log:
      - navigating to "http://localhost:8080/", waiting until "load"


      50 |   test.beforeEach(async ({ page }) => {
      51 |     await seedFitCoreAppState(page, emptyState);
    > 52 |     await page.goto('/');
         |                ^
      53 |   });
      54 |
      55 |   async function assertNoFatalErrors(page: Page) {
        at /app/tests/e2e/empty-state-crash-smoke.spec.ts:52:16

    attachment #1: screenshot (image/png) ──────────────────────────────────────────────────────────
    test-results/empty-state-crash-smoke-Em-43dfb-renders-without-fatal-error-desktop-chromium/test-failed-1.png
    ────────────────────────────────────────────────────────────────────────────────────────────────

    attachment #2: video (video/webm) ──────────────────────────────────────────────────────────────
    test-results/empty-state-crash-smoke-Em-43dfb-renders-without-fatal-error-desktop-chromium/video.webm
    ────────────────────────────────────────────────────────────────────────────────────────────────

    Error Context: test-results/empty-state-crash-smoke-Em-43dfb-renders-without-fatal-error-desktop-chromium/error-context.md


[46/300] [desktop-chromium] › tests/e2e/empty-state-crash-smoke.spec.ts:69:3 › Empty State Crash Smoke Test › B & C. Navigate through main sections and verify no crash with empty data
  8) [desktop-chromium] › tests/e2e/empty-state-crash-smoke.spec.ts:69:3 › Empty State Crash Smoke Test › B & C. Navigate through main sections and verify no crash with empty data

    Error: page.goto: net::ERR_CONNECTION_REFUSED at http://localhost:8080/
    Call log:
      - navigating to "http://localhost:8080/", waiting until "load"


      50 |   test.beforeEach(async ({ page }) => {
      51 |     await seedFitCoreAppState(page, emptyState);
    > 52 |     await page.goto('/');
         |                ^
      53 |   });
      54 |
      55 |   async function assertNoFatalErrors(page: Page) {
        at /app/tests/e2e/empty-state-crash-smoke.spec.ts:52:16

    attachment #1: screenshot (image/png) ──────────────────────────────────────────────────────────
    test-results/empty-state-crash-smoke-Em-67d65-fy-no-crash-with-empty-data-desktop-chromium/test-failed-1.png
    ────────────────────────────────────────────────────────────────────────────────────────────────

    attachment #2: video (video/webm) ──────────────────────────────────────────────────────────────
    test-results/empty-state-crash-smoke-Em-67d65-fy-no-crash-with-empty-data-desktop-chromium/video.webm
    ────────────────────────────────────────────────────────────────────────────────────────────────

    Error Context: test-results/empty-state-crash-smoke-Em-67d65-fy-no-crash-with-empty-data-desktop-chromium/error-context.md


[47/300] [desktop-chromium] › tests/e2e/empty-state-crash-smoke.spec.ts:101:3 › Empty State Crash Smoke Test › D. Reload on empty state view still renders safely
  9) [desktop-chromium] › tests/e2e/empty-state-crash-smoke.spec.ts:101:3 › Empty State Crash Smoke Test › D. Reload on empty state view still renders safely

    Error: page.goto: net::ERR_CONNECTION_REFUSED at http://localhost:8080/
    Call log:
      - navigating to "http://localhost:8080/", waiting until "load"


      50 |   test.beforeEach(async ({ page }) => {
      51 |     await seedFitCoreAppState(page, emptyState);
    > 52 |     await page.goto('/');
         |                ^
      53 |   });
      54 |
      55 |   async function assertNoFatalErrors(page: Page) {
        at /app/tests/e2e/empty-state-crash-smoke.spec.ts:52:16

    attachment #1: screenshot (image/png) ──────────────────────────────────────────────────────────
    test-results/empty-state-crash-smoke-Em-aec9b-e-view-still-renders-safely-desktop-chromium/test-failed-1.png
    ────────────────────────────────────────────────────────────────────────────────────────────────

    attachment #2: video (video/webm) ──────────────────────────────────────────────────────────────
    test-results/empty-state-crash-smoke-Em-aec9b-e-view-still-renders-safely-desktop-chromium/video.webm
    ────────────────────────────────────────────────────────────────────────────────────────────────

    Error Context: test-results/empty-state-crash-smoke-Em-aec9b-e-view-still-renders-safely-desktop-chromium/error-context.md


[48/300] [desktop-chromium] › tests/e2e/keyboard-focus-accessibility-smoke.spec.ts:5:3 › Keyboard and Focus Accessibility Smoke › main shell, navigation, and overlays are keyboard accessible
  10) [desktop-chromium] › tests/e2e/keyboard-focus-accessibility-smoke.spec.ts:5:3 › Keyboard and Focus Accessibility Smoke › main shell, navigation, and overlays are keyboard accessible

    Error: page.goto: net::ERR_CONNECTION_REFUSED at http://localhost:8080/
    Call log:
      - navigating to "http://localhost:8080/", waiting until "load"


       at helpers/fitcore-test-state.ts:65

      63 |  */
      64 | export async function gotoDashboard(page: Page) {
    > 65 |   await page.goto('/');
         |              ^
      66 |   await expectDashboardReady(page);
      67 | }
      68 |
        at gotoDashboard (/app/tests/e2e/helpers/fitcore-test-state.ts:65:14)
        at /app/tests/e2e/keyboard-focus-accessibility-smoke.spec.ts:27:11

    attachment #1: screenshot (image/png) ──────────────────────────────────────────────────────────
    test-results/keyboard-focus-accessibili-9d335-ays-are-keyboard-accessible-desktop-chromium/test-failed-1.png
    ────────────────────────────────────────────────────────────────────────────────────────────────

    attachment #2: video (video/webm) ──────────────────────────────────────────────────────────────
    test-results/keyboard-focus-accessibili-9d335-ays-are-keyboard-accessible-desktop-chromium/video.webm
    ────────────────────────────────────────────────────────────────────────────────────────────────

    Error Context: test-results/keyboard-focus-accessibili-9d335-ays-are-keyboard-accessible-desktop-chromium/error-context.md


[49/300] [desktop-chromium] › tests/e2e/localstorage-compatibility-smoke.spec.ts:55:3 › LocalStorage Compatibility Smoke Coverage › Scenario A — Minimal current state
  11) [desktop-chromium] › tests/e2e/localstorage-compatibility-smoke.spec.ts:55:3 › LocalStorage Compatibility Smoke Coverage › Scenario A — Minimal current state

    Error: page.goto: net::ERR_CONNECTION_REFUSED at http://localhost:8080/
    Call log:
      - navigating to "http://localhost:8080/", waiting until "load"


      76 |
      77 |     await seedFitCoreAppState(page, minimalState);
    > 78 |     await page.goto('/');
         |                ^
      79 |     await verifyCoreNavigation(page);
      80 |   });
      81 |
        at /app/tests/e2e/localstorage-compatibility-smoke.spec.ts:78:16

    attachment #1: screenshot (image/png) ──────────────────────────────────────────────────────────
    test-results/localstorage-compatibility-5e1df-o-A-—-Minimal-current-state-desktop-chromium/test-failed-1.png
    ────────────────────────────────────────────────────────────────────────────────────────────────

    attachment #2: video (video/webm) ──────────────────────────────────────────────────────────────
    test-results/localstorage-compatibility-5e1df-o-A-—-Minimal-current-state-desktop-chromium/video.webm
    ────────────────────────────────────────────────────────────────────────────────────────────────

    Error Context: test-results/localstorage-compatibility-5e1df-o-A-—-Minimal-current-state-desktop-chromium/error-context.md


[50/300] [desktop-chromium] › tests/e2e/localstorage-compatibility-smoke.spec.ts:82:3 › LocalStorage Compatibility Smoke Coverage › Scenario B — Partial older-looking state
  12) [desktop-chromium] › tests/e2e/localstorage-compatibility-smoke.spec.ts:82:3 › LocalStorage Compatibility Smoke Coverage › Scenario B — Partial older-looking state

    Error: page.goto: net::ERR_CONNECTION_REFUSED at http://localhost:8080/
    Call log:
      - navigating to "http://localhost:8080/", waiting until "load"


       96 |
       97 |     await seedFitCoreAppState(page, olderState);
    >  98 |     await page.goto('/');
          |                ^
       99 |     await verifyCoreNavigation(page);
      100 |
      101 |     // Assert that the seeded legacy workout and bodyweight data survived hydration
        at /app/tests/e2e/localstorage-compatibility-smoke.spec.ts:98:16

    attachment #1: screenshot (image/png) ──────────────────────────────────────────────────────────
    test-results/localstorage-compatibility-9d923-Partial-older-looking-state-desktop-chromium/test-failed-1.png
    ────────────────────────────────────────────────────────────────────────────────────────────────

    attachment #2: video (video/webm) ──────────────────────────────────────────────────────────────
    test-results/localstorage-compatibility-9d923-Partial-older-looking-state-desktop-chromium/video.webm
    ────────────────────────────────────────────────────────────────────────────────────────────────

    Error Context: test-results/localstorage-compatibility-9d923-Partial-older-looking-state-desktop-chromium/error-context.md


[51/300] [desktop-chromium] › tests/e2e/localstorage-compatibility-smoke.spec.ts:121:3 › LocalStorage Compatibility Smoke Coverage › Scenario C — Empty collections
  13) [desktop-chromium] › tests/e2e/localstorage-compatibility-smoke.spec.ts:121:3 › LocalStorage Compatibility Smoke Coverage › Scenario C — Empty collections

    Error: page.goto: net::ERR_CONNECTION_REFUSED at http://localhost:8080/
    Call log:
      - navigating to "http://localhost:8080/", waiting until "load"


      147 |
      148 |     await seedFitCoreAppState(page, emptyCollectionsState);
    > 149 |     await page.goto('/');
          |                ^
      150 |     await verifyCoreNavigation(page);
      151 |   });
      152 | });
        at /app/tests/e2e/localstorage-compatibility-smoke.spec.ts:149:16

    attachment #1: screenshot (image/png) ──────────────────────────────────────────────────────────
    test-results/localstorage-compatibility-e8e41-nario-C-—-Empty-collections-desktop-chromium/test-failed-1.png
    ────────────────────────────────────────────────────────────────────────────────────────────────

    attachment #2: video (video/webm) ──────────────────────────────────────────────────────────────
    test-results/localstorage-compatibility-e8e41-nario-C-—-Empty-collections-desktop-chromium/video.webm
    ────────────────────────────────────────────────────────────────────────────────────────────────

    Error Context: test-results/localstorage-compatibility-e8e41-nario-C-—-Empty-collections-desktop-chromium/error-context.md


[52/300] [desktop-chromium] › tests/e2e/mobile-layout-overlay-smoke.spec.ts:27:3 › Mobile Layout and Overlay Smoke Test › should verify mobile navigation works without errors
  14) [desktop-chromium] › tests/e2e/mobile-layout-overlay-smoke.spec.ts:27:3 › Mobile Layout and Overlay Smoke Test › should verify mobile navigation works without errors

    Error: page.goto: net::ERR_CONNECTION_REFUSED at http://localhost:8080/
    Call log:
      - navigating to "http://localhost:8080/", waiting until "load"


       at helpers/fitcore-test-state.ts:65

      63 |  */
      64 | export async function gotoDashboard(page: Page) {
    > 65 |   await page.goto('/');
         |              ^
      66 |   await expectDashboardReady(page);
      67 | }
      68 |
        at gotoDashboard (/app/tests/e2e/helpers/fitcore-test-state.ts:65:14)
        at /app/tests/e2e/mobile-layout-overlay-smoke.spec.ts:12:11

    attachment #1: screenshot (image/png) ──────────────────────────────────────────────────────────
    test-results/mobile-layout-overlay-smok-a9883-gation-works-without-errors-desktop-chromium/test-failed-1.png
    ────────────────────────────────────────────────────────────────────────────────────────────────

    attachment #2: video (video/webm) ──────────────────────────────────────────────────────────────
    test-results/mobile-layout-overlay-smok-a9883-gation-works-without-errors-desktop-chromium/video.webm
    ────────────────────────────────────────────────────────────────────────────────────────────────

    Error Context: test-results/mobile-layout-overlay-smok-a9883-gation-works-without-errors-desktop-chromium/error-context.md


[53/300] [desktop-chromium] › tests/e2e/mobile-layout-overlay-smoke.spec.ts:65:3 › Mobile Layout and Overlay Smoke Test › should open and close home quick action overlays without trapping user
  15) [desktop-chromium] › tests/e2e/mobile-layout-overlay-smoke.spec.ts:65:3 › Mobile Layout and Overlay Smoke Test › should open and close home quick action overlays without trapping user

    Error: page.goto: net::ERR_CONNECTION_REFUSED at http://localhost:8080/
    Call log:
      - navigating to "http://localhost:8080/", waiting until "load"


       at helpers/fitcore-test-state.ts:65

      63 |  */
      64 | export async function gotoDashboard(page: Page) {
    > 65 |   await page.goto('/');
         |              ^
      66 |   await expectDashboardReady(page);
      67 | }
      68 |
        at gotoDashboard (/app/tests/e2e/helpers/fitcore-test-state.ts:65:14)
        at /app/tests/e2e/mobile-layout-overlay-smoke.spec.ts:12:11

    attachment #1: screenshot (image/png) ──────────────────────────────────────────────────────────
    test-results/mobile-layout-overlay-smok-48676-rlays-without-trapping-user-desktop-chromium/test-failed-1.png
    ────────────────────────────────────────────────────────────────────────────────────────────────

    attachment #2: video (video/webm) ──────────────────────────────────────────────────────────────
    test-results/mobile-layout-overlay-smok-48676-rlays-without-trapping-user-desktop-chromium/video.webm
    ────────────────────────────────────────────────────────────────────────────────────────────────

    Error Context: test-results/mobile-layout-overlay-smok-48676-rlays-without-trapping-user-desktop-chromium/error-context.md


[54/300] [desktop-chromium] › tests/e2e/mobile.spec.ts:21:3 › Mobile Smoke Test › should load home screen without horizontal overflow
  16) [desktop-chromium] › tests/e2e/mobile.spec.ts:21:3 › Mobile Smoke Test › should load home screen without horizontal overflow

    Error: page.goto: net::ERR_CONNECTION_REFUSED at http://localhost:8080/
    Call log:
      - navigating to "http://localhost:8080/", waiting until "load"


      4 |   test.beforeEach(async ({ page }) => {
      5 |     // Skip onboarding
    > 6 |     await page.goto('/');
        |                ^
      7 |     await page.evaluate(() => {
      8 |       localStorage.setItem('fitcore.v1', JSON.stringify({ onboardingComplete: true }));
      9 |     });
        at /app/tests/e2e/mobile.spec.ts:6:16

    attachment #1: screenshot (image/png) ──────────────────────────────────────────────────────────
    test-results/mobile-Mobile-Smoke-Test-s-2c0ed-without-horizontal-overflow-desktop-chromium/test-failed-1.png
    ────────────────────────────────────────────────────────────────────────────────────────────────

    attachment #2: video (video/webm) ──────────────────────────────────────────────────────────────
    test-results/mobile-Mobile-Smoke-Test-s-2c0ed-without-horizontal-overflow-desktop-chromium/video.webm
    ────────────────────────────────────────────────────────────────────────────────────────────────

    Error Context: test-results/mobile-Mobile-Smoke-Test-s-2c0ed-without-horizontal-overflow-desktop-chromium/error-context.md


[55/300] [desktop-chromium] › tests/e2e/mobile.spec.ts:26:3 › Mobile Smoke Test › should navigate to training without horizontal overflow
  17) [desktop-chromium] › tests/e2e/mobile.spec.ts:26:3 › Mobile Smoke Test › should navigate to training without horizontal overflow

    Error: page.goto: net::ERR_CONNECTION_REFUSED at http://localhost:8080/
    Call log:
      - navigating to "http://localhost:8080/", waiting until "load"


      4 |   test.beforeEach(async ({ page }) => {
      5 |     // Skip onboarding
    > 6 |     await page.goto('/');
        |                ^
      7 |     await page.evaluate(() => {
      8 |       localStorage.setItem('fitcore.v1', JSON.stringify({ onboardingComplete: true }));
      9 |     });
        at /app/tests/e2e/mobile.spec.ts:6:16

    attachment #1: screenshot (image/png) ──────────────────────────────────────────────────────────
    test-results/mobile-Mobile-Smoke-Test-s-96f2b-without-horizontal-overflow-desktop-chromium/test-failed-1.png
    ────────────────────────────────────────────────────────────────────────────────────────────────

    attachment #2: video (video/webm) ──────────────────────────────────────────────────────────────
    test-results/mobile-Mobile-Smoke-Test-s-96f2b-without-horizontal-overflow-desktop-chromium/video.webm
    ────────────────────────────────────────────────────────────────────────────────────────────────

    Error Context: test-results/mobile-Mobile-Smoke-Test-s-96f2b-without-horizontal-overflow-desktop-chromium/error-context.md


[56/300] [desktop-chromium] › tests/e2e/mobile.spec.ts:32:3 › Mobile Smoke Test › should navigate to nutrition without horizontal overflow
  18) [desktop-chromium] › tests/e2e/mobile.spec.ts:32:3 › Mobile Smoke Test › should navigate to nutrition without horizontal overflow

    Error: page.goto: net::ERR_CONNECTION_REFUSED at http://localhost:8080/
    Call log:
      - navigating to "http://localhost:8080/", waiting until "load"


      4 |   test.beforeEach(async ({ page }) => {
      5 |     // Skip onboarding
    > 6 |     await page.goto('/');
        |                ^
      7 |     await page.evaluate(() => {
      8 |       localStorage.setItem('fitcore.v1', JSON.stringify({ onboardingComplete: true }));
      9 |     });
        at /app/tests/e2e/mobile.spec.ts:6:16

    attachment #1: screenshot (image/png) ──────────────────────────────────────────────────────────
    test-results/mobile-Mobile-Smoke-Test-s-e4992-without-horizontal-overflow-desktop-chromium/test-failed-1.png
    ────────────────────────────────────────────────────────────────────────────────────────────────

    attachment #2: video (video/webm) ──────────────────────────────────────────────────────────────
    test-results/mobile-Mobile-Smoke-Test-s-e4992-without-horizontal-overflow-desktop-chromium/video.webm
    ────────────────────────────────────────────────────────────────────────────────────────────────

    Error Context: test-results/mobile-Mobile-Smoke-Test-s-e4992-without-horizontal-overflow-desktop-chromium/error-context.md


[57/300] [desktop-chromium] › tests/e2e/mobile.spec.ts:38:3 › Mobile Smoke Test › should navigate to recovery without horizontal overflow
  19) [desktop-chromium] › tests/e2e/mobile.spec.ts:38:3 › Mobile Smoke Test › should navigate to recovery without horizontal overflow

    Error: page.goto: net::ERR_CONNECTION_REFUSED at http://localhost:8080/
    Call log:
      - navigating to "http://localhost:8080/", waiting until "load"


      4 |   test.beforeEach(async ({ page }) => {
      5 |     // Skip onboarding
    > 6 |     await page.goto('/');
        |                ^
      7 |     await page.evaluate(() => {
      8 |       localStorage.setItem('fitcore.v1', JSON.stringify({ onboardingComplete: true }));
      9 |     });
        at /app/tests/e2e/mobile.spec.ts:6:16

    attachment #1: screenshot (image/png) ──────────────────────────────────────────────────────────
    test-results/mobile-Mobile-Smoke-Test-s-33b44-without-horizontal-overflow-desktop-chromium/test-failed-1.png
    ────────────────────────────────────────────────────────────────────────────────────────────────

    attachment #2: video (video/webm) ──────────────────────────────────────────────────────────────
    test-results/mobile-Mobile-Smoke-Test-s-33b44-without-horizontal-overflow-desktop-chromium/video.webm
    ────────────────────────────────────────────────────────────────────────────────────────────────

    Error Context: test-results/mobile-Mobile-Smoke-Test-s-33b44-without-horizontal-overflow-desktop-chromium/error-context.md


[58/300] [desktop-chromium] › tests/e2e/mobile.spec.ts:44:3 › Mobile Smoke Test › should navigate to progress without horizontal overflow
  20) [desktop-chromium] › tests/e2e/mobile.spec.ts:44:3 › Mobile Smoke Test › should navigate to progress without horizontal overflow

    Error: page.goto: net::ERR_CONNECTION_REFUSED at http://localhost:8080/
    Call log:
      - navigating to "http://localhost:8080/", waiting until "load"


      4 |   test.beforeEach(async ({ page }) => {
      5 |     // Skip onboarding
    > 6 |     await page.goto('/');
        |                ^
      7 |     await page.evaluate(() => {
      8 |       localStorage.setItem('fitcore.v1', JSON.stringify({ onboardingComplete: true }));
      9 |     });
        at /app/tests/e2e/mobile.spec.ts:6:16

    attachment #1: screenshot (image/png) ──────────────────────────────────────────────────────────
    test-results/mobile-Mobile-Smoke-Test-s-cfa31-without-horizontal-overflow-desktop-chromium/test-failed-1.png
    ────────────────────────────────────────────────────────────────────────────────────────────────

    attachment #2: video (video/webm) ──────────────────────────────────────────────────────────────
    test-results/mobile-Mobile-Smoke-Test-s-cfa31-without-horizontal-overflow-desktop-chromium/video.webm
    ────────────────────────────────────────────────────────────────────────────────────────────────

    Error Context: test-results/mobile-Mobile-Smoke-Test-s-cfa31-without-horizontal-overflow-desktop-chromium/error-context.md
